[0.099s] DEBUG:colcon:Command line arguments: ['/home/aromsan/.local/bin/colcon', 'build']
[0.099s] DEBUG:colcon:Parsed command line arguments: Namespace(log_base=None, log_level=None, verb_name='build', build_base='build', install_base='install', merge_install=False, symlink_install=False, test_result_base=None, continue_on_error=False, executor='parallel', parallel_workers=12, event_handlers=None, ignore_user_meta=False, metas=['./colcon.meta'], base_paths=['.'], packages_ignore=None, packages_ignore_regex=None, paths=None, packages_up_to=None, packages_up_to_regex=None, packages_above=None, packages_above_and_dependencies=None, packages_above_depth=None, packages_select_by_dep=None, packages_skip_by_dep=None, packages_skip_up_to=None, packages_select_build_failed=False, packages_skip_build_finished=False, packages_select_test_failures=False, packages_skip_test_passed=False, packages_select=None, packages_skip=None, packages_select_regex=None, packages_skip_regex=None, packages_start=None, packages_end=None, allow_overriding=[], cmake_args=None, cmake_target=None, cmake_target_skip_unavailable=False, cmake_clean_cache=False, cmake_clean_first=False, cmake_force_configure=False, ament_cmake_args=None, catkin_cmake_args=None, catkin_skip_building_tests=False, verb_parser=<colcon_defaults.argument_parser.defaults.DefaultArgumentsDecorator object at 0x722289b1bc70>, verb_extension=<colcon_core.verb.build.BuildVerb object at 0x722289b1b760>, main=<bound method BuildVerb.main of <colcon_core.verb.build.BuildVerb object at 0x722289b1b760>>)
[0.211s] Level 1:colcon.colcon_core.package_discovery:discover_packages(colcon_meta) check parameters
[0.211s] Level 1:colcon.colcon_core.package_discovery:discover_packages(recursive) check parameters
[0.211s] Level 1:colcon.colcon_core.package_discovery:discover_packages(ignore) check parameters
[0.211s] Level 1:colcon.colcon_core.package_discovery:discover_packages(path) check parameters
[0.211s] Level 1:colcon.colcon_core.package_discovery:discover_packages(colcon_meta) discover
[0.211s] Level 1:colcon.colcon_core.package_discovery:discover_packages(recursive) discover
[0.211s] INFO:colcon.colcon_core.package_discovery:Crawling recursively for packages in '/home/aromsan/Documents/GitHub/MethaneScan/methane_scan_ui_ws'
[0.211s] Level 1:colcon.colcon_core.package_identification:_identify(.) by extensions ['ignore', 'ignore_ament_install']
[0.211s] Level 1:colcon.colcon_core.package_identification:_identify(.) by extension 'ignore'
[0.211s] Level 1:colcon.colcon_core.package_identification:_identify(.) by extension 'ignore_ament_install'
[0.212s] Level 1:colcon.colcon_core.package_identification:_identify(.) by extensions ['colcon_pkg']
[0.212s] Level 1:colcon.colcon_core.package_identification:_identify(.) by extension 'colcon_pkg'
[0.212s] Level 1:colcon.colcon_core.package_identification:_identify(.) by extensions ['colcon_meta']
[0.212s] Level 1:colcon.colcon_core.package_identification:_identify(.) by extension 'colcon_meta'
[0.212s] Level 1:colcon.colcon_core.package_identification:_identify(.) by extensions ['ros']
[0.212s] Level 1:colcon.colcon_core.package_identification:_identify(.) by extension 'ros'
[0.220s] Level 1:colcon.colcon_core.package_identification:_identify(.) by extensions ['cmake', 'python']
[0.220s] Level 1:colcon.colcon_core.package_identification:_identify(.) by extension 'cmake'
[0.220s] Level 1:colcon.colcon_core.package_identification:_identify(.) by extension 'python'
[0.220s] Level 1:colcon.colcon_core.package_identification:_identify(.) by extensions ['python_setup_py']
[0.220s] Level 1:colcon.colcon_core.package_identification:_identify(.) by extension 'python_setup_py'
[0.220s] Level 1:colcon.colcon_core.package_identification:_identify(
) by extensions ['ignore', 'ignore_ament_install']
[0.220s] Level 1:colcon.colcon_core.package_identification:_identify(
) by extension 'ignore'
[0.220s] Level 1:colcon.colcon_core.package_identification:_identify(
) by extension 'ignore_ament_install'
[0.220s] Level 1:colcon.colcon_core.package_identification:_identify(
) by extensions ['colcon_pkg']
[0.221s] Level 1:colcon.colcon_core.package_identification:_identify(
) by extension 'colcon_pkg'
[0.221s] Level 1:colcon.colcon_core.package_identification:_identify(
) by extensions ['colcon_meta']
[0.221s] Level 1:colcon.colcon_core.package_identification:_identify(
) by extension 'colcon_meta'
[0.221s] Level 1:colcon.colcon_core.package_identification:_identify(
) by extensions ['ros']
[0.221s] Level 1:colcon.colcon_core.package_identification:_identify(
) by extension 'ros'
[0.221s] Level 1:colcon.colcon_core.package_identification:_identify(
) by extensions ['cmake', 'python']
[0.221s] Level 1:colcon.colcon_core.package_identification:_identify(
) by extension 'cmake'
[0.221s] Level 1:colcon.colcon_core.package_identification:_identify(
) by extension 'python'
[0.221s] Level 1:colcon.colcon_core.package_identification:_identify(
) by extensions ['python_setup_py']
[0.221s] Level 1:colcon.colcon_core.package_identification:_identify(
) by extension 'python_setup_py'
[0.221s] Level 1:colcon.colcon_core.package_identification:_identify(
/home) by extensions ['ignore', 'ignore_ament_install']
[0.221s] Level 1:colcon.colcon_core.package_identification:_identify(
/home) by extension 'ignore'
[0.221s] Level 1:colcon.colcon_core.package_identification:_identify(
/home) by extension 'ignore_ament_install'
[0.221s] Level 1:colcon.colcon_core.package_identification:_identify(
/home) by extensions ['colcon_pkg']
[0.221s] Level 1:colcon.colcon_core.package_identification:_identify(
/home) by extension 'colcon_pkg'
[0.221s] Level 1:colcon.colcon_core.package_identification:_identify(
/home) by extensions ['colcon_meta']
[0.221s] Level 1:colcon.colcon_core.package_identification:_identify(
/home) by extension 'colcon_meta'
[0.221s] Level 1:colcon.colcon_core.package_identification:_identify(
/home) by extensions ['ros']
[0.221s] Level 1:colcon.colcon_core.package_identification:_identify(
/home) by extension 'ros'
[0.222s] Level 1:colcon.colcon_core.package_identification:_identify(
/home) by extensions ['cmake', 'python']
[0.222s] Level 1:colcon.colcon_core.package_identification:_identify(
/home) by extension 'cmake'
[0.222s] Level 1:colcon.colcon_core.package_identification:_identify(
/home) by extension 'python'
[0.222s] Level 1:colcon.colcon_core.package_identification:_identify(
/home) by extensions ['python_setup_py']
[0.222s] Level 1:colcon.colcon_core.package_identification:_identify(
/home) by extension 'python_setup_py'
[0.222s] Level 1:colcon.colcon_core.package_identification:_identify(
/home/aromsan) by extensions ['ignore', 'ignore_ament_install']
[0.222s] Level 1:colcon.colcon_core.package_identification:_identify(
/home/aromsan) by extension 'ignore'
[0.222s] Level 1:colcon.colcon_core.package_identification:_identify(
/home/aromsan) by extension 'ignore_ament_install'
[0.222s] Level 1:colcon.colcon_core.package_identification:_identify(
/home/aromsan) by extensions ['colcon_pkg']
[0.222s] Level 1:colcon.colcon_core.package_identification:_identify(
/home/aromsan) by extension 'colcon_pkg'
[0.222s] Level 1:colcon.colcon_core.package_identification:_identify(
/home/aromsan) by extensions ['colcon_meta']
[0.222s] Level 1:colcon.colcon_core.package_identification:_identify(
/home/aromsan) by extension 'colcon_meta'
[0.222s] Level 1:colcon.colcon_core.package_identification:_identify(
/home/aromsan) by extensions ['ros']
[0.222s] Level 1:colcon.colcon_core.package_identification:_identify(
/home/aromsan) by extension 'ros'
[0.222s] Level 1:colcon.colcon_core.package_identification:_identify(
/home/aromsan) by extensions ['cmake', 'python']
[0.222s] Level 1:colcon.colcon_core.package_identification:_identify(
/home/aromsan) by extension 'cmake'
[0.222s] Level 1:colcon.colcon_core.package_identification:_identify(
/home/aromsan) by extension 'python'
[0.223s] Level 1:colcon.colcon_core.package_identification:_identify(
/home/aromsan) by extensions ['python_setup_py']
[0.223s] Level 1:colcon.colcon_core.package_identification:_identify(
/home/aromsan) by extension 'python_setup_py'
[0.223s] Level 1:colcon.colcon_core.package_identification:_identify(
/home/aromsan/Documents) by extensions ['ignore', 'ignore_ament_install']
[0.223s] Level 1:colcon.colcon_core.package_identification:_identify(
/home/aromsan/Documents) by extension 'ignore'
[0.223s] Level 1:colcon.colcon_core.package_identification:_identify(
/home/aromsan/Documents) by extension 'ignore_ament_install'
[0.223s] Level 1:colcon.colcon_core.package_identification:_identify(
/home/aromsan/Documents) by extensions ['colcon_pkg']
[0.223s] Level 1:colcon.colcon_core.package_identification:_identify(
/home/aromsan/Documents) by extension 'colcon_pkg'
[0.223s] Level 1:colcon.colcon_core.package_identification:_identify(
/home/aromsan/Documents) by extensions ['colcon_meta']
[0.223s] Level 1:colcon.colcon_core.package_identification:_identify(
/home/aromsan/Documents) by extension 'colcon_meta'
[0.223s] Level 1:colcon.colcon_core.package_identification:_identify(
/home/aromsan/Documents) by extensions ['ros']
[0.223s] Level 1:colcon.colcon_core.package_identification:_identify(
/home/aromsan/Documents) by extension 'ros'
[0.223s] Level 1:colcon.colcon_core.package_identification:_identify(
/home/aromsan/Documents) by extensions ['cmake', 'python']
[0.223s] Level 1:colcon.colcon_core.package_identification:_identify(
/home/aromsan/Documents) by extension 'cmake'
[0.223s] Level 1:colcon.colcon_core.package_identification:_identify(
/home/aromsan/Documents) by extension 'python'
[0.223s] Level 1:colcon.colcon_core.package_identification:_identify(
/home/aromsan/Documents) by extensions ['python_setup_py']
[0.223s] Level 1:colcon.colcon_core.package_identification:_identify(
/home/aromsan/Documents) by extension 'python_setup_py'
[0.224s] Level 1:colcon.colcon_core.package_identification:_identify(
/home/aromsan/Documents/GitHub) by extensions ['ignore', 'ignore_ament_install']
[0.224s] Level 1:colcon.colcon_core.package_identification:_identify(
/home/aromsan/Documents/GitHub) by extension 'ignore'
[0.224s] Level 1:colcon.colcon_core.package_identification:_identify(
/home/aromsan/Documents/GitHub) by extension 'ignore_ament_install'
[0.224s] Level 1:colcon.colcon_core.package_identification:_identify(
/home/aromsan/Documents/GitHub) by extensions ['colcon_pkg']
[0.224s] Level 1:colcon.colcon_core.package_identification:_identify(
/home/aromsan/Documents/GitHub) by extension 'colcon_pkg'
[0.224s] Level 1:colcon.colcon_core.package_identification:_identify(
/home/aromsan/Documents/GitHub) by extensions ['colcon_meta']
[0.224s] Level 1:colcon.colcon_core.package_identification:_identify(
/home/aromsan/Documents/GitHub) by extension 'colcon_meta'
[0.224s] Level 1:colcon.colcon_core.package_identification:_identify(
/home/aromsan/Documents/GitHub) by extensions ['ros']
[0.224s] Level 1:colcon.colcon_core.package_identification:_identify(
/home/aromsan/Documents/GitHub) by extension 'ros'
[0.224s] Level 1:colcon.colcon_core.package_identification:_identify(
/home/aromsan/Documents/GitHub) by extensions ['cmake', 'python']
[0.224s] Level 1:colcon.colcon_core.package_identification:_identify(
/home/aromsan/Documents/GitHub) by extension 'cmake'
[0.224s] Level 1:colcon.colcon_core.package_identification:_identify(
/home/aromsan/Documents/GitHub) by extension 'python'
[0.224s] Level 1:colcon.colcon_core.package_identification:_identify(
/home/aromsan/Documents/GitHub) by extensions ['python_setup_py']
[0.224s] Level 1:colcon.colcon_core.package_identification:_identify(
/home/aromsan/Documents/GitHub) by extension 'python_setup_py'
[0.224s] Level 1:colcon.colcon_core.package_identification:_identify(
/home/aromsan/Documents/GitHub/MethaneScan) by extensions ['ignore', 'ignore_ament_install']
[0.224s] Level 1:colcon.colcon_core.package_identification:_identify(
/home/aromsan/Documents/GitHub/MethaneScan) by extension 'ignore'
[0.225s] Level 1:colcon.colcon_core.package_identification:_identify(
/home/aromsan/Documents/GitHub/MethaneScan) by extension 'ignore_ament_install'
[0.225s] Level 1:colcon.colcon_core.package_identification:_identify(
/home/aromsan/Documents/GitHub/MethaneScan) by extensions ['colcon_pkg']
[0.225s] Level 1:colcon.colcon_core.package_identification:_identify(
/home/aromsan/Documents/GitHub/MethaneScan) by extension 'colcon_pkg'
[0.225s] Level 1:colcon.colcon_core.package_identification:_identify(
/home/aromsan/Documents/GitHub/MethaneScan) by extensions ['colcon_meta']
[0.225s] Level 1:colcon.colcon_core.package_identification:_identify(
/home/aromsan/Documents/GitHub/MethaneScan) by extension 'colcon_meta'
[0.225s] Level 1:colcon.colcon_core.package_identification:_identify(
/home/aromsan/Documents/GitHub/MethaneScan) by extensions ['ros']
[0.225s] Level 1:colcon.colcon_core.package_identification:_identify(
/home/aromsan/Documents/GitHub/MethaneScan) by extension 'ros'
[0.225s] Level 1:colcon.colcon_core.package_identification:_identify(
/home/aromsan/Documents/GitHub/MethaneScan) by extensions ['cmake', 'python']
[0.225s] Level 1:colcon.colcon_core.package_identification:_identify(
/home/aromsan/Documents/GitHub/MethaneScan) by extension 'cmake'
[0.225s] Level 1:colcon.colcon_core.package_identification:_identify(
/home/aromsan/Documents/GitHub/MethaneScan) by extension 'python'
[0.225s] Level 1:colcon.colcon_core.package_identification:_identify(
/home/aromsan/Documents/GitHub/MethaneScan) by extensions ['python_setup_py']
[0.225s] Level 1:colcon.colcon_core.package_identification:_identify(
/home/aromsan/Documents/GitHub/MethaneScan) by extension 'python_setup_py'
[0.225s] Level 1:colcon.colcon_core.package_identification:_identify(
/home/aromsan/Documents/GitHub/MethaneScan/methane_scan_ui_ws) by extensions ['ignore', 'ignore_ament_install']
[0.225s] Level 1:colcon.colcon_core.package_identification:_identify(
/home/aromsan/Documents/GitHub/MethaneScan/methane_scan_ui_ws) by extension 'ignore'
[0.225s] Level 1:colcon.colcon_core.package_identification:_identify(
/home/aromsan/Documents/GitHub/MethaneScan/methane_scan_ui_ws) by extension 'ignore_ament_install'
[0.225s] Level 1:colcon.colcon_core.package_identification:_identify(
/home/aromsan/Documents/GitHub/MethaneScan/methane_scan_ui_ws) by extensions ['colcon_pkg']
[0.226s] Level 1:colcon.colcon_core.package_identification:_identify(
/home/aromsan/Documents/GitHub/MethaneScan/methane_scan_ui_ws) by extension 'colcon_pkg'
[0.226s] Level 1:colcon.colcon_core.package_identification:_identify(
/home/aromsan/Documents/GitHub/MethaneScan/methane_scan_ui_ws) by extensions ['colcon_meta']
[0.226s] Level 1:colcon.colcon_core.package_identification:_identify(
/home/aromsan/Documents/GitHub/MethaneScan/methane_scan_ui_ws) by extension 'colcon_meta'
[0.226s] Level 1:colcon.colcon_core.package_identification:_identify(
/home/aromsan/Documents/GitHub/MethaneScan/methane_scan_ui_ws) by extensions ['ros']
[0.226s] Level 1:colcon.colcon_core.package_identification:_identify(
/home/aromsan/Documents/GitHub/MethaneScan/methane_scan_ui_ws) by extension 'ros'
[0.226s] Level 1:colcon.colcon_core.package_identification:_identify(
/home/aromsan/Documents/GitHub/MethaneScan/methane_scan_ui_ws) by extensions ['cmake', 'python']
[0.226s] Level 1:colcon.colcon_core.package_identification:_identify(
/home/aromsan/Documents/GitHub/MethaneScan/methane_scan_ui_ws) by extension 'cmake'
[0.226s] Level 1:colcon.colcon_core.package_identification:_identify(
/home/aromsan/Documents/GitHub/MethaneScan/methane_scan_ui_ws) by extension 'python'
[0.226s] Level 1:colcon.colcon_core.package_identification:_identify(
/home/aromsan/Documents/GitHub/MethaneScan/methane_scan_ui_ws) by extensions ['python_setup_py']
[0.226s] Level 1:colcon.colcon_core.package_identification:_identify(
/home/aromsan/Documents/GitHub/MethaneScan/methane_scan_ui_ws) by extension 'python_setup_py'
[0.226s] Level 1:colcon.colcon_core.package_identification:_identify(
/home/aromsan/Documents/GitHub/MethaneScan/methane_scan_ui_ws/src) by extensions ['ignore', 'ignore_ament_install']
[0.226s] Level 1:colcon.colcon_core.package_identification:_identify(
/home/aromsan/Documents/GitHub/MethaneScan/methane_scan_ui_ws/src) by extension 'ignore'
[0.226s] Level 1:colcon.colcon_core.package_identification:_identify(
/home/aromsan/Documents/GitHub/MethaneScan/methane_scan_ui_ws/src) by extension 'ignore_ament_install'
[0.226s] Level 1:colcon.colcon_core.package_identification:_identify(
/home/aromsan/Documents/GitHub/MethaneScan/methane_scan_ui_ws/src) by extensions ['colcon_pkg']
[0.226s] Level 1:colcon.colcon_core.package_identification:_identify(
/home/aromsan/Documents/GitHub/MethaneScan/methane_scan_ui_ws/src) by extension 'colcon_pkg'
[0.226s] Level 1:colcon.colcon_core.package_identification:_identify(
/home/aromsan/Documents/GitHub/MethaneScan/methane_scan_ui_ws/src) by extensions ['colcon_meta']
[0.226s] Level 1:colcon.colcon_core.package_identification:_identify(
/home/aromsan/Documents/GitHub/MethaneScan/methane_scan_ui_ws/src) by extension 'colcon_meta'
[0.227s] Level 1:colcon.colcon_core.package_identification:_identify(
/home/aromsan/Documents/GitHub/MethaneScan/methane_scan_ui_ws/src) by extensions ['ros']
[0.227s] Level 1:colcon.colcon_core.package_identification:_identify(
/home/aromsan/Documents/GitHub/MethaneScan/methane_scan_ui_ws/src) by extension 'ros'
[0.227s] Level 1:colcon.colcon_core.package_identification:_identify(
/home/aromsan/Documents/GitHub/MethaneScan/methane_scan_ui_ws/src) by extensions ['cmake', 'python']
[0.227s] Level 1:colcon.colcon_core.package_identification:_identify(
/home/aromsan/Documents/GitHub/MethaneScan/methane_scan_ui_ws/src) by extension 'cmake'
[0.227s] Level 1:colcon.colcon_core.package_identification:_identify(
/home/aromsan/Documents/GitHub/MethaneScan/methane_scan_ui_ws/src) by extension 'python'
[0.227s] Level 1:colcon.colcon_core.package_identification:_identify(
/home/aromsan/Documents/GitHub/MethaneScan/methane_scan_ui_ws/src) by extensions ['python_setup_py']
[0.227s] Level 1:colcon.colcon_core.package_identification:_identify(
/home/aromsan/Documents/GitHub/MethaneScan/methane_scan_ui_ws/src) by extension 'python_setup_py'
[0.227s] Level 1:colcon.colcon_core.package_identification:_identify(
/home/aromsan/Documents/GitHub/MethaneScan/methane_scan_ui_ws/src/methane_scan) by extensions ['ignore', 'ignore_ament_install']
[0.227s] Level 1:colcon.colcon_core.package_identification:_identify(
/home/aromsan/Documents/GitHub/MethaneScan/methane_scan_ui_ws/src/methane_scan) by extension 'ignore'
[0.227s] Level 1:colcon.colcon_core.package_identification:_identify(
/home/aromsan/Documents/GitHub/MethaneScan/methane_scan_ui_ws/src/methane_scan) by extension 'ignore_ament_install'
[0.227s] Level 1:colcon.colcon_core.package_identification:_identify(
/home/aromsan/Documents/GitHub/MethaneScan/methane_scan_ui_ws/src/methane_scan) by extensions ['colcon_pkg']
[0.227s] Level 1:colcon.colcon_core.package_identification:_identify(
/home/aromsan/Documents/GitHub/MethaneScan/methane_scan_ui_ws/src/methane_scan) by extension 'colcon_pkg'
[0.227s] Level 1:colcon.colcon_core.package_identification:_identify(
/home/aromsan/Documents/GitHub/MethaneScan/methane_scan_ui_ws/src/methane_scan) by extensions ['colcon_meta']
[0.227s] Level 1:colcon.colcon_core.package_identification:_identify(
/home/aromsan/Documents/GitHub/MethaneScan/methane_scan_ui_ws/src/methane_scan) by extension 'colcon_meta'
[0.227s] Level 1:colcon.colcon_core.package_identification:_identify(
/home/aromsan/Documents/GitHub/MethaneScan/methane_scan_ui_ws/src/methane_scan) by extensions ['ros']
[0.227s] Level 1:colcon.colcon_core.package_identification:_identify(
/home/aromsan/Documents/GitHub/MethaneScan/methane_scan_ui_ws/src/methane_scan) by extension 'ros'
[0.228s] Level 1:colcon.colcon_core.package_identification:_identify(
/home/aromsan/Documents/GitHub/MethaneScan/methane_scan_ui_ws/src/methane_scan) by extensions ['cmake', 'python']
[0.228s] Level 1:colcon.colcon_core.package_identification:_identify(
/home/aromsan/Documents/GitHub/MethaneScan/methane_scan_ui_ws/src/methane_scan) by extension 'cmake'
[0.228s] Level 1:colcon.colcon_core.package_identification:_identify(
/home/aromsan/Documents/GitHub/MethaneScan/methane_scan_ui_ws/src/methane_scan) by extension 'python'
[0.228s] Level 1:colcon.colcon_core.package_identification:_identify(
/home/aromsan/Documents/GitHub/MethaneScan/methane_scan_ui_ws/src/methane_scan) by extensions ['python_setup_py']
[0.228s] Level 1:colcon.colcon_core.package_identification:_identify(
/home/aromsan/Documents/GitHub/MethaneScan/methane_scan_ui_ws/src/methane_scan) by extension 'python_setup_py'
[0.228s] Level 1:colcon.colcon_core.package_identification:_identify(
/home/aromsan/Documents/GitHub/MethaneScan/methane_scan_ui_ws/src/methane_scan/methane_scan) by extensions ['ignore', 'ignore_ament_install']
[0.228s] Level 1:colcon.colcon_core.package_identification:_identify(
/home/aromsan/Documents/GitHub/MethaneScan/methane_scan_ui_ws/src/methane_scan/methane_scan) by extension 'ignore'
[0.228s] Level 1:colcon.colcon_core.package_identification:_identify(
/home/aromsan/Documents/GitHub/MethaneScan/methane_scan_ui_ws/src/methane_scan/methane_scan) by extension 'ignore_ament_install'
[0.228s] Level 1:colcon.colcon_core.package_identification:_identify(
/home/aromsan/Documents/GitHub/MethaneScan/methane_scan_ui_ws/src/methane_scan/methane_scan) by extensions ['colcon_pkg']
[0.228s] Level 1:colcon.colcon_core.package_identification:_identify(
/home/aromsan/Documents/GitHub/MethaneScan/methane_scan_ui_ws/src/methane_scan/methane_scan) by extension 'colcon_pkg'
[0.228s] Level 1:colcon.colcon_core.package_identification:_identify(
/home/aromsan/Documents/GitHub/MethaneScan/methane_scan_ui_ws/src/methane_scan/methane_scan) by extensions ['colcon_meta']
[0.228s] Level 1:colcon.colcon_core.package_identification:_identify(
/home/aromsan/Documents/GitHub/MethaneScan/methane_scan_ui_ws/src/methane_scan/methane_scan) by extension 'colcon_meta'
[0.228s] Level 1:colcon.colcon_core.package_identification:_identify(
/home/aromsan/Documents/GitHub/MethaneScan/methane_scan_ui_ws/src/methane_scan/methane_scan) by extensions ['ros']
[0.228s] Level 1:colcon.colcon_core.package_identification:_identify(
/home/aromsan/Documents/GitHub/MethaneScan/methane_scan_ui_ws/src/methane_scan/methane_scan) by extension 'ros'
[0.229s] Level 1:colcon.colcon_core.package_identification:_identify(
/home/aromsan/Documents/GitHub/MethaneScan/methane_scan_ui_ws/src/methane_scan/methane_scan) by extensions ['cmake', 'python']
[0.229s] Level 1:colcon.colcon_core.package_identification:_identify(
/home/aromsan/Documents/GitHub/MethaneScan/methane_scan_ui_ws/src/methane_scan/methane_scan) by extension 'cmake'
[0.229s] Level 1:colcon.colcon_core.package_identification:_identify(
/home/aromsan/Documents/GitHub/MethaneScan/methane_scan_ui_ws/src/methane_scan/methane_scan) by extension 'python'
[0.229s] Level 1:colcon.colcon_core.package_identification:_identify(
/home/aromsan/Documents/GitHub/MethaneScan/methane_scan_ui_ws/src/methane_scan/methane_scan) by extensions ['python_setup_py']
[0.229s] Level 1:colcon.colcon_core.package_identification:_identify(
/home/aromsan/Documents/GitHub/MethaneScan/methane_scan_ui_ws/src/methane_scan/methane_scan) by extension 'python_setup_py'
[0.229s] Level 1:colcon.colcon_core.package_identification:_identify(
/home/aromsan/Documents/GitHub/MethaneScan/methane_scan_ui_ws/src/methane_scan/methane_scan/views) by extensions ['ignore', 'ignore_ament_install']
[0.229s] Level 1:colcon.colcon_core.package_identification:_identify(
/home/aromsan/Documents/GitHub/MethaneScan/methane_scan_ui_ws/src/methane_scan/methane_scan/views) by extension 'ignore'
[0.229s] Level 1:colcon.colcon_core.package_identification:_identify(
/home/aromsan/Documents/GitHub/MethaneScan/methane_scan_ui_ws/src/methane_scan/methane_scan/views) by extension 'ignore_ament_install'
[0.229s] Level 1:colcon.colcon_core.package_identification:_identify(
/home/aromsan/Documents/GitHub/MethaneScan/methane_scan_ui_ws/src/methane_scan/methane_scan/views) by extensions ['colcon_pkg']
[0.229s] Level 1:colcon.colcon_core.package_identification:_identify(
/home/aromsan/Documents/GitHub/MethaneScan/methane_scan_ui_ws/src/methane_scan/methane_scan/views) by extension 'colcon_pkg'
[0.229s] Level 1:colcon.colcon_core.package_identification:_identify(
/home/aromsan/Documents/GitHub/MethaneScan/methane_scan_ui_ws/src/methane_scan/methane_scan/views) by extensions ['colcon_meta']
[0.229s] Level 1:colcon.colcon_core.package_identification:_identify(
/home/aromsan/Documents/GitHub/MethaneScan/methane_scan_ui_ws/src/methane_scan/methane_scan/views) by extension 'colcon_meta'
[0.229s] Level 1:colcon.colcon_core.package_identification:_identify(
/home/aromsan/Documents/GitHub/MethaneScan/methane_scan_ui_ws/src/methane_scan/methane_scan/views) by extensions ['ros']
[0.229s] Level 1:colcon.colcon_core.package_identification:_identify(
/home/aromsan/Documents/GitHub/MethaneScan/methane_scan_ui_ws/src/methane_scan/methane_scan/views) by extension 'ros'
[0.230s] Level 1:colcon.colcon_core.package_identification:_identify(
/home/aromsan/Documents/GitHub/MethaneScan/methane_scan_ui_ws/src/methane_scan/methane_scan/views) by extensions ['cmake', 'python']
[0.230s] Level 1:colcon.colcon_core.package_identification:_identify(
/home/aromsan/Documents/GitHub/MethaneScan/methane_scan_ui_ws/src/methane_scan/methane_scan/views) by extension 'cmake'
[0.230s] Level 1:colcon.colcon_core.package_identification:_identify(
/home/aromsan/Documents/GitHub/MethaneScan/methane_scan_ui_ws/src/methane_scan/methane_scan/views) by extension 'python'
[0.230s] Level 1:colcon.colcon_core.package_identification:_identify(
/home/aromsan/Documents/GitHub/MethaneScan/methane_scan_ui_ws/src/methane_scan/methane_scan/views) by extensions ['python_setup_py']
[0.230s] Level 1:colcon.colcon_core.package_identification:_identify(
/home/aromsan/Documents/GitHub/MethaneScan/methane_scan_ui_ws/src/methane_scan/methane_scan/views) by extension 'python_setup_py'
[0.230s] Level 1:colcon.colcon_core.package_identification:_identify(build) by extensions ['ignore', 'ignore_ament_install']
[0.230s] Level 1:colcon.colcon_core.package_identification:_identify(build) by extension 'ignore'
[0.230s] Level 1:colcon.colcon_core.package_identification:_identify(build) ignored
[0.230s] Level 1:colcon.colcon_core.package_identification:_identify(install) by extensions ['ignore', 'ignore_ament_install']
[0.230s] Level 1:colcon.colcon_core.package_identification:_identify(install) by extension 'ignore'
[0.230s] Level 1:colcon.colcon_core.package_identification:_identify(install) ignored
[0.231s] Level 1:colcon.colcon_core.package_identification:_identify(log) by extensions ['ignore', 'ignore_ament_install']
[0.231s] Level 1:colcon.colcon_core.package_identification:_identify(log) by extension 'ignore'
[0.231s] Level 1:colcon.colcon_core.package_identification:_identify(log) ignored
[0.231s] Level 1:colcon.colcon_core.package_identification:_identify(src) by extensions ['ignore', 'ignore_ament_install']
[0.231s] Level 1:colcon.colcon_core.package_identification:_identify(src) by extension 'ignore'
[0.231s] Level 1:colcon.colcon_core.package_identification:_identify(src) by extension 'ignore_ament_install'
[0.231s] Level 1:colcon.colcon_core.package_identification:_identify(src) by extensions ['colcon_pkg']
[0.231s] Level 1:colcon.colcon_core.package_identification:_identify(src) by extension 'colcon_pkg'
[0.231s] Level 1:colcon.colcon_core.package_identification:_identify(src) by extensions ['colcon_meta']
[0.231s] Level 1:colcon.colcon_core.package_identification:_identify(src) by extension 'colcon_meta'
[0.231s] Level 1:colcon.colcon_core.package_identification:_identify(src) by extensions ['ros']
[0.231s] Level 1:colcon.colcon_core.package_identification:_identify(src) by extension 'ros'
[0.231s] Level 1:colcon.colcon_core.package_identification:_identify(src) by extensions ['cmake', 'python']
[0.231s] Level 1:colcon.colcon_core.package_identification:_identify(src) by extension 'cmake'
[0.231s] Level 1:colcon.colcon_core.package_identification:_identify(src) by extension 'python'
[0.231s] Level 1:colcon.colcon_core.package_identification:_identify(src) by extensions ['python_setup_py']
[0.232s] Level 1:colcon.colcon_core.package_identification:_identify(src) by extension 'python_setup_py'
[0.232s] Level 1:colcon.colcon_core.package_identification:_identify(src/methane_scan) by extensions ['ignore', 'ignore_ament_install']
[0.232s] Level 1:colcon.colcon_core.package_identification:_identify(src/methane_scan) by extension 'ignore'
[0.232s] Level 1:colcon.colcon_core.package_identification:_identify(src/methane_scan) by extension 'ignore_ament_install'
[0.232s] Level 1:colcon.colcon_core.package_identification:_identify(src/methane_scan) by extensions ['colcon_pkg']
[0.232s] Level 1:colcon.colcon_core.package_identification:_identify(src/methane_scan) by extension 'colcon_pkg'
[0.232s] Level 1:colcon.colcon_core.package_identification:_identify(src/methane_scan) by extensions ['colcon_meta']
[0.232s] Level 1:colcon.colcon_core.package_identification:_identify(src/methane_scan) by extension 'colcon_meta'
[0.232s] Level 1:colcon.colcon_core.package_identification:_identify(src/methane_scan) by extensions ['ros']
[0.232s] Level 1:colcon.colcon_core.package_identification:_identify(src/methane_scan) by extension 'ros'
[0.234s] DEBUG:colcon.colcon_core.package_identification:Package 'src/methane_scan' with type 'ros.ament_python' and name 'methane_scan'
[0.234s] Level 1:colcon.colcon_core.package_discovery:discover_packages(recursive) using defaults
[0.234s] Level 1:colcon.colcon_core.package_discovery:discover_packages(ignore) discover
[0.234s] Level 1:colcon.colcon_core.package_discovery:discover_packages(ignore) using defaults
[0.234s] Level 1:colcon.colcon_core.package_discovery:discover_packages(path) discover
[0.234s] Level 1:colcon.colcon_core.package_discovery:discover_packages(path) using defaults
[0.248s] Level 1:colcon.colcon_core.package_discovery:discover_packages(prefix_path) check parameters
[0.248s] Level 1:colcon.colcon_core.package_discovery:discover_packages(prefix_path) discover
[0.250s] DEBUG:colcon.colcon_installed_package_information.package_discovery:Found 1 installed packages in /home/aromsan/Documents/GitHub/MethaneScan/methane_scan_ui_ws/install
[0.250s] DEBUG:colcon.colcon_installed_package_information.package_discovery:Found 1 installed packages in /home/aromsan/cypr_ws/install
[0.251s] DEBUG:colcon.colcon_installed_package_information.package_discovery:Found 295 installed packages in /opt/ros/humble
[0.252s] Level 1:colcon.colcon_core.package_discovery:discover_packages(prefix_path) using defaults
[0.288s] Level 5:colcon.colcon_core.verb:set package 'methane_scan' build argument 'cmake_args' from command line to 'None'
[0.288s] Level 5:colcon.colcon_core.verb:set package 'methane_scan' build argument 'cmake_target' from command line to 'None'
[0.288s] Level 5:colcon.colcon_core.verb:set package 'methane_scan' build argument 'cmake_target_skip_unavailable' from command line to 'False'
[0.288s] Level 5:colcon.colcon_core.verb:set package 'methane_scan' build argument 'cmake_clean_cache' from command line to 'False'
[0.288s] Level 5:colcon.colcon_core.verb:set package 'methane_scan' build argument 'cmake_clean_first' from command line to 'False'
[0.288s] Level 5:colcon.colcon_core.verb:set package 'methane_scan' build argument 'cmake_force_configure' from command line to 'False'
[0.288s] Level 5:colcon.colcon_core.verb:set package 'methane_scan' build argument 'ament_cmake_args' from command line to 'None'
[0.288s] Level 5:colcon.colcon_core.verb:set package 'methane_scan' build argument 'catkin_cmake_args' from command line to 'None'
[0.288s] Level 5:colcon.colcon_core.verb:set package 'methane_scan' build argument 'catkin_skip_building_tests' from command line to 'False'
[0.288s] DEBUG:colcon.colcon_core.verb:Building package 'methane_scan' with the following arguments: {'ament_cmake_args': None, 'build_base': '/home/aromsan/Documents/GitHub/MethaneScan/methane_scan_ui_ws/build/methane_scan', 'catkin_cmake_args': None, 'catkin_skip_building_tests': False, 'cmake_args': None, 'cmake_clean_cache': False, 'cmake_clean_first': False, 'cmake_force_configure': False, 'cmake_target': None, 'cmake_target_skip_unavailable': False, 'install_base': '/home/aromsan/Documents/GitHub/MethaneScan/methane_scan_ui_ws/install/methane_scan', 'merge_install': False, 'path': '/home/aromsan/Documents/GitHub/MethaneScan/methane_scan_ui_ws/src/methane_scan', 'symlink_install': False, 'test_result_base': None}
[0.288s] INFO:colcon.colcon_core.executor:Executing jobs using 'parallel' executor
[0.289s] DEBUG:colcon.colcon_parallel_executor.executor.parallel:run_until_complete
[0.290s] INFO:colcon.colcon_ros.task.ament_python.build:Building ROS package in '/home/aromsan/Documents/GitHub/MethaneScan/methane_scan_ui_ws/src/methane_scan' with build type 'ament_python'
[0.290s] Level 1:colcon.colcon_core.shell:create_environment_hook('methane_scan', 'ament_prefix_path')
[0.292s] INFO:colcon.colcon_core.plugin_system:Skipping extension 'colcon_core.shell.bat': Not used on non-Windows systems
[0.292s] INFO:colcon.colcon_core.shell:Creating environment hook '/home/aromsan/Documents/GitHub/MethaneScan/methane_scan_ui_ws/install/methane_scan/share/methane_scan/hook/ament_prefix_path.ps1'
[0.292s] INFO:colcon.colcon_core.shell:Creating environment descriptor '/home/aromsan/Documents/GitHub/MethaneScan/methane_scan_ui_ws/install/methane_scan/share/methane_scan/hook/ament_prefix_path.dsv'
[0.293s] INFO:colcon.colcon_core.shell:Creating environment hook '/home/aromsan/Documents/GitHub/MethaneScan/methane_scan_ui_ws/install/methane_scan/share/methane_scan/hook/ament_prefix_path.sh'
[0.294s] INFO:colcon.colcon_core.shell:Skip shell extension 'powershell' for command environment: Not usable outside of PowerShell
[0.294s] DEBUG:colcon.colcon_core.shell:Skip shell extension 'dsv' for command environment
[0.486s] INFO:colcon.colcon_core.task.python.build:Building Python package in '/home/aromsan/Documents/GitHub/MethaneScan/methane_scan_ui_ws/src/methane_scan'
[0.487s] INFO:colcon.colcon_core.shell:Skip shell extension 'powershell' for command environment: Not usable outside of PowerShell
[0.487s] DEBUG:colcon.colcon_core.shell:Skip shell extension 'dsv' for command environment
[0.730s] DEBUG:colcon.colcon_core.event_handler.log_command:Invoking command in '/home/aromsan/Documents/GitHub/MethaneScan/methane_scan_ui_ws/src/methane_scan': PYTHONPATH=/home/aromsan/Documents/GitHub/MethaneScan/methane_scan_ui_ws/build/methane_scan/prefix_override:/home/aromsan/.local/lib/python3.10/site-packages/colcon_core/task/python/colcon_distutils_commands:/home/aromsan/Documents/GitHub/MethaneScan/methane_scan_ui_ws/install/methane_scan/lib/python3.10/site-packages:${PYTHONPATH} /usr/bin/python3 -W ignore:setup.py install is deprecated -W ignore:easy_install command is deprecated setup.py egg_info --egg-base ../../build/methane_scan build --build-base /home/aromsan/Documents/GitHub/MethaneScan/methane_scan_ui_ws/build/methane_scan/build install --record /home/aromsan/Documents/GitHub/MethaneScan/methane_scan_ui_ws/build/methane_scan/install.log --single-version-externally-managed install_data
[0.955s] DEBUG:colcon.colcon_core.event_handler.log_command:Invoked command in '/home/aromsan/Documents/GitHub/MethaneScan/methane_scan_ui_ws/src/methane_scan' returned '0': PYTHONPATH=/home/aromsan/Documents/GitHub/MethaneScan/methane_scan_ui_ws/build/methane_scan/prefix_override:/home/aromsan/.local/lib/python3.10/site-packages/colcon_core/task/python/colcon_distutils_commands:/home/aromsan/Documents/GitHub/MethaneScan/methane_scan_ui_ws/install/methane_scan/lib/python3.10/site-packages:${PYTHONPATH} /usr/bin/python3 -W ignore:setup.py install is deprecated -W ignore:easy_install command is deprecated setup.py egg_info --egg-base ../../build/methane_scan build --build-base /home/aromsan/Documents/GitHub/MethaneScan/methane_scan_ui_ws/build/methane_scan/build install --record /home/aromsan/Documents/GitHub/MethaneScan/methane_scan_ui_ws/build/methane_scan/install.log --single-version-externally-managed install_data
[0.956s] Level 1:colcon.colcon_core.environment:checking '/home/aromsan/Documents/GitHub/MethaneScan/methane_scan_ui_ws/install/methane_scan' for CMake module files
[0.957s] Level 1:colcon.colcon_core.environment:checking '/home/aromsan/Documents/GitHub/MethaneScan/methane_scan_ui_ws/install/methane_scan' for CMake config files
[0.958s] Level 1:colcon.colcon_core.environment:checking '/home/aromsan/Documents/GitHub/MethaneScan/methane_scan_ui_ws/install/methane_scan/lib'
[0.958s] Level 1:colcon.colcon_core.environment:checking '/home/aromsan/Documents/GitHub/MethaneScan/methane_scan_ui_ws/install/methane_scan/bin'
[0.958s] Level 1:colcon.colcon_core.environment:checking '/home/aromsan/Documents/GitHub/MethaneScan/methane_scan_ui_ws/install/methane_scan/lib/pkgconfig/methane_scan.pc'
[0.958s] Level 1:colcon.colcon_core.environment:checking '/home/aromsan/Documents/GitHub/MethaneScan/methane_scan_ui_ws/install/methane_scan/lib/python3.10/site-packages'
[0.958s] Level 1:colcon.colcon_core.shell:create_environment_hook('methane_scan', 'pythonpath')
[0.959s] INFO:colcon.colcon_core.shell:Creating environment hook '/home/aromsan/Documents/GitHub/MethaneScan/methane_scan_ui_ws/install/methane_scan/share/methane_scan/hook/pythonpath.ps1'
[0.959s] INFO:colcon.colcon_core.shell:Creating environment descriptor '/home/aromsan/Documents/GitHub/MethaneScan/methane_scan_ui_ws/install/methane_scan/share/methane_scan/hook/pythonpath.dsv'
[0.959s] INFO:colcon.colcon_core.shell:Creating environment hook '/home/aromsan/Documents/GitHub/MethaneScan/methane_scan_ui_ws/install/methane_scan/share/methane_scan/hook/pythonpath.sh'
[0.960s] Level 1:colcon.colcon_core.environment:checking '/home/aromsan/Documents/GitHub/MethaneScan/methane_scan_ui_ws/install/methane_scan/bin'
[0.960s] Level 1:colcon.colcon_core.environment:create_environment_scripts_only(methane_scan)
[0.960s] INFO:colcon.colcon_core.shell:Creating package script '/home/aromsan/Documents/GitHub/MethaneScan/methane_scan_ui_ws/install/methane_scan/share/methane_scan/package.ps1'
[0.961s] INFO:colcon.colcon_core.shell:Creating package descriptor '/home/aromsan/Documents/GitHub/MethaneScan/methane_scan_ui_ws/install/methane_scan/share/methane_scan/package.dsv'
[0.961s] INFO:colcon.colcon_core.shell:Creating package script '/home/aromsan/Documents/GitHub/MethaneScan/methane_scan_ui_ws/install/methane_scan/share/methane_scan/package.sh'
[0.962s] INFO:colcon.colcon_core.shell:Creating package script '/home/aromsan/Documents/GitHub/MethaneScan/methane_scan_ui_ws/install/methane_scan/share/methane_scan/package.bash'
[0.963s] INFO:colcon.colcon_core.shell:Creating package script '/home/aromsan/Documents/GitHub/MethaneScan/methane_scan_ui_ws/install/methane_scan/share/methane_scan/package.zsh'
[0.963s] Level 1:colcon.colcon_core.environment:create_file_with_runtime_dependencies(/home/aromsan/Documents/GitHub/MethaneScan/methane_scan_ui_ws/install/methane_scan/share/colcon-core/packages/methane_scan)
[0.964s] DEBUG:colcon.colcon_parallel_executor.executor.parallel:closing loop
[0.964s] DEBUG:colcon.colcon_parallel_executor.executor.parallel:loop closed
[0.964s] DEBUG:colcon.colcon_parallel_executor.executor.parallel:run_until_complete finished with '0'
[0.964s] DEBUG:colcon.colcon_core.event_reactor:joining thread
[0.968s] INFO:colcon.colcon_core.plugin_system:Skipping extension 'colcon_notification.desktop_notification.terminal_notifier': Not used on non-Darwin systems
[0.968s] INFO:colcon.colcon_core.plugin_system:Skipping extension 'colcon_notification.desktop_notification.win32': Not used on non-Windows systems
[0.968s] INFO:colcon.colcon_notification.desktop_notification:Sending desktop notification using 'notify2'
[0.979s] DEBUG:colcon.colcon_core.event_reactor:joined thread
[0.979s] INFO:colcon.colcon_core.shell:Creating prefix script '/home/aromsan/Documents/GitHub/MethaneScan/methane_scan_ui_ws/install/local_setup.ps1'
[0.980s] INFO:colcon.colcon_core.shell:Creating prefix util module '/home/aromsan/Documents/GitHub/MethaneScan/methane_scan_ui_ws/install/_local_setup_util_ps1.py'
[0.981s] INFO:colcon.colcon_core.shell:Creating prefix chain script '/home/aromsan/Documents/GitHub/MethaneScan/methane_scan_ui_ws/install/setup.ps1'
[0.982s] INFO:colcon.colcon_core.shell:Creating prefix script '/home/aromsan/Documents/GitHub/MethaneScan/methane_scan_ui_ws/install/local_setup.sh'
[0.983s] INFO:colcon.colcon_core.shell:Creating prefix util module '/home/aromsan/Documents/GitHub/MethaneScan/methane_scan_ui_ws/install/_local_setup_util_sh.py'
[0.984s] INFO:colcon.colcon_core.shell:Creating prefix chain script '/home/aromsan/Documents/GitHub/MethaneScan/methane_scan_ui_ws/install/setup.sh'
[0.985s] INFO:colcon.colcon_core.shell:Creating prefix script '/home/aromsan/Documents/GitHub/MethaneScan/methane_scan_ui_ws/install/local_setup.bash'
[0.986s] INFO:colcon.colcon_core.shell:Creating prefix chain script '/home/aromsan/Documents/GitHub/MethaneScan/methane_scan_ui_ws/install/setup.bash'
[0.986s] INFO:colcon.colcon_core.shell:Creating prefix script '/home/aromsan/Documents/GitHub/MethaneScan/methane_scan_ui_ws/install/local_setup.zsh'
[0.987s] INFO:colcon.colcon_core.shell:Creating prefix chain script '/home/aromsan/Documents/GitHub/MethaneScan/methane_scan_ui_ws/install/setup.zsh'
