running egg_info
creating ../../build/methane_scan/methane_scan.egg-info
writing ../../build/methane_scan/methane_scan.egg-info/PKG-INFO
writing dependency_links to ../../build/methane_scan/methane_scan.egg-info/dependency_links.txt
writing entry points to ../../build/methane_scan/methane_scan.egg-info/entry_points.txt
writing requirements to ../../build/methane_scan/methane_scan.egg-info/requires.txt
writing top-level names to ../../build/methane_scan/methane_scan.egg-info/top_level.txt
writing manifest file '../../build/methane_scan/methane_scan.egg-info/SOURCES.txt'
reading manifest file '../../build/methane_scan/methane_scan.egg-info/SOURCES.txt'
writing manifest file '../../build/methane_scan/methane_scan.egg-info/SOURCES.txt'
running build
running build_py
creating /home/aromsan/Documents/GitHub/MethaneScan/methane_scan_ui_ws/build/methane_scan/build
creating /home/aromsan/Documents/GitHub/MethaneScan/methane_scan_ui_ws/build/methane_scan/build/lib
creating /home/aromsan/Documents/GitHub/MethaneScan/methane_scan_ui_ws/build/methane_scan/build/lib/methane_scan
copying methane_scan/__init__.py -> /home/aromsan/Documents/GitHub/MethaneScan/methane_scan_ui_ws/build/methane_scan/build/lib/methane_scan
copying methane_scan/qresources_rc.py -> /home/aromsan/Documents/GitHub/MethaneScan/methane_scan_ui_ws/build/methane_scan/build/lib/methane_scan
copying methane_scan/methane_scan_node.py -> /home/aromsan/Documents/GitHub/MethaneScan/methane_scan_ui_ws/build/methane_scan/build/lib/methane_scan
creating /home/aromsan/Documents/GitHub/MethaneScan/methane_scan_ui_ws/build/methane_scan/build/lib/methane_scan/views
copying methane_scan/views/__init__.py -> /home/aromsan/Documents/GitHub/MethaneScan/methane_scan_ui_ws/build/methane_scan/build/lib/methane_scan/views
copying methane_scan/views/main_window.py -> /home/aromsan/Documents/GitHub/MethaneScan/methane_scan_ui_ws/build/methane_scan/build/lib/methane_scan/views
creating /home/aromsan/Documents/GitHub/MethaneScan/methane_scan_ui_ws/build/methane_scan/build/lib/methane_scan/controllers
copying methane_scan/controllers/__init__.py -> /home/aromsan/Documents/GitHub/MethaneScan/methane_scan_ui_ws/build/methane_scan/build/lib/methane_scan/controllers
copying methane_scan/controllers/main_controller.py -> /home/aromsan/Documents/GitHub/MethaneScan/methane_scan_ui_ws/build/methane_scan/build/lib/methane_scan/controllers
creating /home/aromsan/Documents/GitHub/MethaneScan/methane_scan_ui_ws/build/methane_scan/build/lib/methane_scan/views/components
copying methane_scan/views/components/__init__.py -> /home/aromsan/Documents/GitHub/MethaneScan/methane_scan_ui_ws/build/methane_scan/build/lib/methane_scan/views/components
copying methane_scan/views/components/map_view.py -> /home/aromsan/Documents/GitHub/MethaneScan/methane_scan_ui_ws/build/methane_scan/build/lib/methane_scan/views/components
copying methane_scan/views/components/title_bar.py -> /home/aromsan/Documents/GitHub/MethaneScan/methane_scan_ui_ws/build/methane_scan/build/lib/methane_scan/views/components
creating /home/aromsan/Documents/GitHub/MethaneScan/methane_scan_ui_ws/build/methane_scan/build/lib/methane_scan/views/pages
copying methane_scan/views/pages/__init__.py -> /home/aromsan/Documents/GitHub/MethaneScan/methane_scan_ui_ws/build/methane_scan/build/lib/methane_scan/views/pages
copying methane_scan/views/pages/home_page.py -> /home/aromsan/Documents/GitHub/MethaneScan/methane_scan_ui_ws/build/methane_scan/build/lib/methane_scan/views/pages
copying methane_scan/views/pages/ptu_config.py -> /home/aromsan/Documents/GitHub/MethaneScan/methane_scan_ui_ws/build/methane_scan/build/lib/methane_scan/views/pages
copying methane_scan/.env -> /home/aromsan/Documents/GitHub/MethaneScan/methane_scan_ui_ws/build/methane_scan/build/lib/methane_scan
creating /home/aromsan/Documents/GitHub/MethaneScan/methane_scan_ui_ws/build/methane_scan/build/lib/methane_scan/resources
copying methane_scan/resources/boxes.svg -> /home/aromsan/Documents/GitHub/MethaneScan/methane_scan_ui_ws/build/methane_scan/build/lib/methane_scan/resources
copying methane_scan/resources/cloud-haze2.svg -> /home/aromsan/Documents/GitHub/MethaneScan/methane_scan_ui_ws/build/methane_scan/build/lib/methane_scan/resources
copying methane_scan/resources/crosshair.svg -> /home/aromsan/Documents/GitHub/MethaneScan/methane_scan_ui_ws/build/methane_scan/build/lib/methane_scan/resources
copying methane_scan/resources/ev-front.svg -> /home/aromsan/Documents/GitHub/MethaneScan/methane_scan_ui_ws/build/methane_scan/build/lib/methane_scan/resources
copying methane_scan/resources/eye.svg -> /home/aromsan/Documents/GitHub/MethaneScan/methane_scan_ui_ws/build/methane_scan/build/lib/methane_scan/resources
copying methane_scan/resources/gear-fill.svg -> /home/aromsan/Documents/GitHub/MethaneScan/methane_scan_ui_ws/build/methane_scan/build/lib/methane_scan/resources
copying methane_scan/views/dark_style.qss -> /home/aromsan/Documents/GitHub/MethaneScan/methane_scan_ui_ws/build/methane_scan/build/lib/methane_scan/views
copying methane_scan/views/light_style.qss -> /home/aromsan/Documents/GitHub/MethaneScan/methane_scan_ui_ws/build/methane_scan/build/lib/methane_scan/views
running install
running install_lib
creating /home/aromsan/Documents/GitHub/MethaneScan/methane_scan_ui_ws/install/methane_scan/lib/python3.10/site-packages/methane_scan
creating /home/aromsan/Documents/GitHub/MethaneScan/methane_scan_ui_ws/install/methane_scan/lib/python3.10/site-packages/methane_scan/views
creating /home/aromsan/Documents/GitHub/MethaneScan/methane_scan_ui_ws/install/methane_scan/lib/python3.10/site-packages/methane_scan/views/components
copying /home/aromsan/Documents/GitHub/MethaneScan/methane_scan_ui_ws/build/methane_scan/build/lib/methane_scan/views/components/__init__.py -> /home/aromsan/Documents/GitHub/MethaneScan/methane_scan_ui_ws/install/methane_scan/lib/python3.10/site-packages/methane_scan/views/components
copying /home/aromsan/Documents/GitHub/MethaneScan/methane_scan_ui_ws/build/methane_scan/build/lib/methane_scan/views/components/map_view.py -> /home/aromsan/Documents/GitHub/MethaneScan/methane_scan_ui_ws/install/methane_scan/lib/python3.10/site-packages/methane_scan/views/components
copying /home/aromsan/Documents/GitHub/MethaneScan/methane_scan_ui_ws/build/methane_scan/build/lib/methane_scan/views/components/title_bar.py -> /home/aromsan/Documents/GitHub/MethaneScan/methane_scan_ui_ws/install/methane_scan/lib/python3.10/site-packages/methane_scan/views/components
creating /home/aromsan/Documents/GitHub/MethaneScan/methane_scan_ui_ws/install/methane_scan/lib/python3.10/site-packages/methane_scan/views/pages
copying /home/aromsan/Documents/GitHub/MethaneScan/methane_scan_ui_ws/build/methane_scan/build/lib/methane_scan/views/pages/__init__.py -> /home/aromsan/Documents/GitHub/MethaneScan/methane_scan_ui_ws/install/methane_scan/lib/python3.10/site-packages/methane_scan/views/pages
copying /home/aromsan/Documents/GitHub/MethaneScan/methane_scan_ui_ws/build/methane_scan/build/lib/methane_scan/views/pages/home_page.py -> /home/aromsan/Documents/GitHub/MethaneScan/methane_scan_ui_ws/install/methane_scan/lib/python3.10/site-packages/methane_scan/views/pages
copying /home/aromsan/Documents/GitHub/MethaneScan/methane_scan_ui_ws/build/methane_scan/build/lib/methane_scan/views/pages/ptu_config.py -> /home/aromsan/Documents/GitHub/MethaneScan/methane_scan_ui_ws/install/methane_scan/lib/python3.10/site-packages/methane_scan/views/pages
copying /home/aromsan/Documents/GitHub/MethaneScan/methane_scan_ui_ws/build/methane_scan/build/lib/methane_scan/views/__init__.py -> /home/aromsan/Documents/GitHub/MethaneScan/methane_scan_ui_ws/install/methane_scan/lib/python3.10/site-packages/methane_scan/views
copying /home/aromsan/Documents/GitHub/MethaneScan/methane_scan_ui_ws/build/methane_scan/build/lib/methane_scan/views/dark_style.qss -> /home/aromsan/Documents/GitHub/MethaneScan/methane_scan_ui_ws/install/methane_scan/lib/python3.10/site-packages/methane_scan/views
copying /home/aromsan/Documents/GitHub/MethaneScan/methane_scan_ui_ws/build/methane_scan/build/lib/methane_scan/views/main_window.py -> /home/aromsan/Documents/GitHub/MethaneScan/methane_scan_ui_ws/install/methane_scan/lib/python3.10/site-packages/methane_scan/views
copying /home/aromsan/Documents/GitHub/MethaneScan/methane_scan_ui_ws/build/methane_scan/build/lib/methane_scan/views/light_style.qss -> /home/aromsan/Documents/GitHub/MethaneScan/methane_scan_ui_ws/install/methane_scan/lib/python3.10/site-packages/methane_scan/views
copying /home/aromsan/Documents/GitHub/MethaneScan/methane_scan_ui_ws/build/methane_scan/build/lib/methane_scan/__init__.py -> /home/aromsan/Documents/GitHub/MethaneScan/methane_scan_ui_ws/install/methane_scan/lib/python3.10/site-packages/methane_scan
copying /home/aromsan/Documents/GitHub/MethaneScan/methane_scan_ui_ws/build/methane_scan/build/lib/methane_scan/qresources_rc.py -> /home/aromsan/Documents/GitHub/MethaneScan/methane_scan_ui_ws/install/methane_scan/lib/python3.10/site-packages/methane_scan
creating /home/aromsan/Documents/GitHub/MethaneScan/methane_scan_ui_ws/install/methane_scan/lib/python3.10/site-packages/methane_scan/controllers
copying /home/aromsan/Documents/GitHub/MethaneScan/methane_scan_ui_ws/build/methane_scan/build/lib/methane_scan/controllers/__init__.py -> /home/aromsan/Documents/GitHub/MethaneScan/methane_scan_ui_ws/install/methane_scan/lib/python3.10/site-packages/methane_scan/controllers
copying /home/aromsan/Documents/GitHub/MethaneScan/methane_scan_ui_ws/build/methane_scan/build/lib/methane_scan/controllers/main_controller.py -> /home/aromsan/Documents/GitHub/MethaneScan/methane_scan_ui_ws/install/methane_scan/lib/python3.10/site-packages/methane_scan/controllers
copying /home/aromsan/Documents/GitHub/MethaneScan/methane_scan_ui_ws/build/methane_scan/build/lib/methane_scan/.env -> /home/aromsan/Documents/GitHub/MethaneScan/methane_scan_ui_ws/install/methane_scan/lib/python3.10/site-packages/methane_scan
creating /home/aromsan/Documents/GitHub/MethaneScan/methane_scan_ui_ws/install/methane_scan/lib/python3.10/site-packages/methane_scan/resources
copying /home/aromsan/Documents/GitHub/MethaneScan/methane_scan_ui_ws/build/methane_scan/build/lib/methane_scan/resources/boxes.svg -> /home/aromsan/Documents/GitHub/MethaneScan/methane_scan_ui_ws/install/methane_scan/lib/python3.10/site-packages/methane_scan/resources
copying /home/aromsan/Documents/GitHub/MethaneScan/methane_scan_ui_ws/build/methane_scan/build/lib/methane_scan/resources/ev-front.svg -> /home/aromsan/Documents/GitHub/MethaneScan/methane_scan_ui_ws/install/methane_scan/lib/python3.10/site-packages/methane_scan/resources
copying /home/aromsan/Documents/GitHub/MethaneScan/methane_scan_ui_ws/build/methane_scan/build/lib/methane_scan/resources/cloud-haze2.svg -> /home/aromsan/Documents/GitHub/MethaneScan/methane_scan_ui_ws/install/methane_scan/lib/python3.10/site-packages/methane_scan/resources
copying /home/aromsan/Documents/GitHub/MethaneScan/methane_scan_ui_ws/build/methane_scan/build/lib/methane_scan/resources/eye.svg -> /home/aromsan/Documents/GitHub/MethaneScan/methane_scan_ui_ws/install/methane_scan/lib/python3.10/site-packages/methane_scan/resources
copying /home/aromsan/Documents/GitHub/MethaneScan/methane_scan_ui_ws/build/methane_scan/build/lib/methane_scan/resources/crosshair.svg -> /home/aromsan/Documents/GitHub/MethaneScan/methane_scan_ui_ws/install/methane_scan/lib/python3.10/site-packages/methane_scan/resources
copying /home/aromsan/Documents/GitHub/MethaneScan/methane_scan_ui_ws/build/methane_scan/build/lib/methane_scan/resources/gear-fill.svg -> /home/aromsan/Documents/GitHub/MethaneScan/methane_scan_ui_ws/install/methane_scan/lib/python3.10/site-packages/methane_scan/resources
copying /home/aromsan/Documents/GitHub/MethaneScan/methane_scan_ui_ws/build/methane_scan/build/lib/methane_scan/methane_scan_node.py -> /home/aromsan/Documents/GitHub/MethaneScan/methane_scan_ui_ws/install/methane_scan/lib/python3.10/site-packages/methane_scan
byte-compiling /home/aromsan/Documents/GitHub/MethaneScan/methane_scan_ui_ws/install/methane_scan/lib/python3.10/site-packages/methane_scan/views/components/__init__.py to __init__.cpython-310.pyc
byte-compiling /home/aromsan/Documents/GitHub/MethaneScan/methane_scan_ui_ws/install/methane_scan/lib/python3.10/site-packages/methane_scan/views/components/map_view.py to map_view.cpython-310.pyc
byte-compiling /home/aromsan/Documents/GitHub/MethaneScan/methane_scan_ui_ws/install/methane_scan/lib/python3.10/site-packages/methane_scan/views/components/title_bar.py to title_bar.cpython-310.pyc
byte-compiling /home/aromsan/Documents/GitHub/MethaneScan/methane_scan_ui_ws/install/methane_scan/lib/python3.10/site-packages/methane_scan/views/pages/__init__.py to __init__.cpython-310.pyc
byte-compiling /home/aromsan/Documents/GitHub/MethaneScan/methane_scan_ui_ws/install/methane_scan/lib/python3.10/site-packages/methane_scan/views/pages/home_page.py to home_page.cpython-310.pyc
byte-compiling /home/aromsan/Documents/GitHub/MethaneScan/methane_scan_ui_ws/install/methane_scan/lib/python3.10/site-packages/methane_scan/views/pages/ptu_config.py to ptu_config.cpython-310.pyc
byte-compiling /home/aromsan/Documents/GitHub/MethaneScan/methane_scan_ui_ws/install/methane_scan/lib/python3.10/site-packages/methane_scan/views/__init__.py to __init__.cpython-310.pyc
byte-compiling /home/aromsan/Documents/GitHub/MethaneScan/methane_scan_ui_ws/install/methane_scan/lib/python3.10/site-packages/methane_scan/views/main_window.py to main_window.cpython-310.pyc
byte-compiling /home/aromsan/Documents/GitHub/MethaneScan/methane_scan_ui_ws/install/methane_scan/lib/python3.10/site-packages/methane_scan/__init__.py to __init__.cpython-310.pyc
byte-compiling /home/aromsan/Documents/GitHub/MethaneScan/methane_scan_ui_ws/install/methane_scan/lib/python3.10/site-packages/methane_scan/qresources_rc.py to qresources_rc.cpython-310.pyc
byte-compiling /home/aromsan/Documents/GitHub/MethaneScan/methane_scan_ui_ws/install/methane_scan/lib/python3.10/site-packages/methane_scan/controllers/__init__.py to __init__.cpython-310.pyc
byte-compiling /home/aromsan/Documents/GitHub/MethaneScan/methane_scan_ui_ws/install/methane_scan/lib/python3.10/site-packages/methane_scan/controllers/main_controller.py to main_controller.cpython-310.pyc
byte-compiling /home/aromsan/Documents/GitHub/MethaneScan/methane_scan_ui_ws/install/methane_scan/lib/python3.10/site-packages/methane_scan/methane_scan_node.py to methane_scan_node.cpython-310.pyc
running install_data
creating /home/aromsan/Documents/GitHub/MethaneScan/methane_scan_ui_ws/install/methane_scan/share/ament_index
creating /home/aromsan/Documents/GitHub/MethaneScan/methane_scan_ui_ws/install/methane_scan/share/ament_index/resource_index
creating /home/aromsan/Documents/GitHub/MethaneScan/methane_scan_ui_ws/install/methane_scan/share/ament_index/resource_index/packages
copying resource/methane_scan -> /home/aromsan/Documents/GitHub/MethaneScan/methane_scan_ui_ws/install/methane_scan/share/ament_index/resource_index/packages
copying package.xml -> /home/aromsan/Documents/GitHub/MethaneScan/methane_scan_ui_ws/install/methane_scan/share/methane_scan
creating /home/aromsan/Documents/GitHub/MethaneScan/methane_scan_ui_ws/install/methane_scan/share/methane_scan/launch
copying launch/launch.py -> /home/aromsan/Documents/GitHub/MethaneScan/methane_scan_ui_ws/install/methane_scan/share/methane_scan/launch
running install_egg_info
Copying ../../build/methane_scan/methane_scan.egg-info to /home/aromsan/Documents/GitHub/MethaneScan/methane_scan_ui_ws/install/methane_scan/lib/python3.10/site-packages/methane_scan-0.0.0-py3.10.egg-info
running install_scripts
Installing methane_scan_node script to /home/aromsan/Documents/GitHub/MethaneScan/methane_scan_ui_ws/install/methane_scan/lib/methane_scan
writing list of installed files to '/home/aromsan/Documents/GitHub/MethaneScan/methane_scan_ui_ws/build/methane_scan/install.log'
