running egg_info
writing ../../build/methane_scan/methane_scan.egg-info/PKG-INFO
writing dependency_links to ../../build/methane_scan/methane_scan.egg-info/dependency_links.txt
writing entry points to ../../build/methane_scan/methane_scan.egg-info/entry_points.txt
writing requirements to ../../build/methane_scan/methane_scan.egg-info/requires.txt
writing top-level names to ../../build/methane_scan/methane_scan.egg-info/top_level.txt
reading manifest file '../../build/methane_scan/methane_scan.egg-info/SOURCES.txt'
writing manifest file '../../build/methane_scan/methane_scan.egg-info/SOURCES.txt'
running build
running build_py
copying methane_scan/ptu_ready_sim_node.py -> /home/aromsan/Documents/GitHub/MethaneScan/methane_scan_ui_ws/build/methane_scan/build/lib/methane_scan
copying methane_scan/methane_scan_node.py -> /home/aromsan/Documents/GitHub/MethaneScan/methane_scan_ui_ws/build/methane_scan/build/lib/methane_scan
copying methane_scan/controllers/main_controller.py -> /home/aromsan/Documents/GitHub/MethaneScan/methane_scan_ui_ws/build/methane_scan/build/lib/methane_scan/controllers
copying methane_scan/views/pages/robot_config.py -> /home/aromsan/Documents/GitHub/MethaneScan/methane_scan_ui_ws/build/methane_scan/build/lib/methane_scan/views/pages
running install
running install_lib
copying /home/aromsan/Documents/GitHub/MethaneScan/methane_scan_ui_ws/build/methane_scan/build/lib/methane_scan/ptu_ready_sim_node.py -> /home/aromsan/Documents/GitHub/MethaneScan/methane_scan_ui_ws/install/methane_scan/lib/python3.10/site-packages/methane_scan
copying /home/aromsan/Documents/GitHub/MethaneScan/methane_scan_ui_ws/build/methane_scan/build/lib/methane_scan/views/pages/robot_config.py -> /home/aromsan/Documents/GitHub/MethaneScan/methane_scan_ui_ws/install/methane_scan/lib/python3.10/site-packages/methane_scan/views/pages
copying /home/aromsan/Documents/GitHub/MethaneScan/methane_scan_ui_ws/build/methane_scan/build/lib/methane_scan/controllers/main_controller.py -> /home/aromsan/Documents/GitHub/MethaneScan/methane_scan_ui_ws/install/methane_scan/lib/python3.10/site-packages/methane_scan/controllers
copying /home/aromsan/Documents/GitHub/MethaneScan/methane_scan_ui_ws/build/methane_scan/build/lib/methane_scan/methane_scan_node.py -> /home/aromsan/Documents/GitHub/MethaneScan/methane_scan_ui_ws/install/methane_scan/lib/python3.10/site-packages/methane_scan
byte-compiling /home/aromsan/Documents/GitHub/MethaneScan/methane_scan_ui_ws/install/methane_scan/lib/python3.10/site-packages/methane_scan/ptu_ready_sim_node.py to ptu_ready_sim_node.cpython-310.pyc
byte-compiling /home/aromsan/Documents/GitHub/MethaneScan/methane_scan_ui_ws/install/methane_scan/lib/python3.10/site-packages/methane_scan/views/pages/robot_config.py to robot_config.cpython-310.pyc
byte-compiling /home/aromsan/Documents/GitHub/MethaneScan/methane_scan_ui_ws/install/methane_scan/lib/python3.10/site-packages/methane_scan/controllers/main_controller.py to main_controller.cpython-310.pyc
byte-compiling /home/aromsan/Documents/GitHub/MethaneScan/methane_scan_ui_ws/install/methane_scan/lib/python3.10/site-packages/methane_scan/methane_scan_node.py to methane_scan_node.cpython-310.pyc
running install_data
running install_egg_info
removing '/home/aromsan/Documents/GitHub/MethaneScan/methane_scan_ui_ws/install/methane_scan/lib/python3.10/site-packages/methane_scan-0.0.0-py3.10.egg-info' (and everything under it)
Copying ../../build/methane_scan/methane_scan.egg-info to /home/aromsan/Documents/GitHub/MethaneScan/methane_scan_ui_ws/install/methane_scan/lib/python3.10/site-packages/methane_scan-0.0.0-py3.10.egg-info
running install_scripts
Installing methane_scan_node script to /home/aromsan/Documents/GitHub/MethaneScan/methane_scan_ui_ws/install/methane_scan/lib/methane_scan
Installing ptu_ready_publisher script to /home/aromsan/Documents/GitHub/MethaneScan/methane_scan_ui_ws/install/methane_scan/lib/methane_scan
writing list of installed files to '/home/aromsan/Documents/GitHub/MethaneScan/methane_scan_ui_ws/build/methane_scan/install.log'
