[0.449s] Invoking command in '/home/aromsan/MethaneScan/methane_scan_ui_ws/src/methane_scan': PYTHONPATH=/home/aromsan/MethaneScan/methane_scan_ui_ws/build/methane_scan/prefix_override:/home/aromsan/.local/lib/python3.10/site-packages/colcon_core/task/python/colcon_distutils_commands:/home/aromsan/MethaneScan/methane_scan_ui_ws/install/methane_scan/lib/python3.10/site-packages:${PYTHONPATH} /usr/bin/python3 -W ignore:setup.py install is deprecated -W ignore:easy_install command is deprecated setup.py egg_info --egg-base ../../build/methane_scan build --build-base /home/aromsan/MethaneScan/methane_scan_ui_ws/build/methane_scan/build install --record /home/aromsan/MethaneScan/methane_scan_ui_ws/build/methane_scan/install.log --single-version-externally-managed install_data
[0.624s] running egg_info
[0.624s] creating ../../build/methane_scan/methane_scan.egg-info
[0.624s] writing ../../build/methane_scan/methane_scan.egg-info/PKG-INFO
[0.625s] writing dependency_links to ../../build/methane_scan/methane_scan.egg-info/dependency_links.txt
[0.625s] writing entry points to ../../build/methane_scan/methane_scan.egg-info/entry_points.txt
[0.625s] writing requirements to ../../build/methane_scan/methane_scan.egg-info/requires.txt
[0.625s] writing top-level names to ../../build/methane_scan/methane_scan.egg-info/top_level.txt
[0.625s] writing manifest file '../../build/methane_scan/methane_scan.egg-info/SOURCES.txt'
[0.627s] reading manifest file '../../build/methane_scan/methane_scan.egg-info/SOURCES.txt'
[0.628s] writing manifest file '../../build/methane_scan/methane_scan.egg-info/SOURCES.txt'
[0.628s] running build
[0.628s] running build_py
[0.628s] creating /home/aromsan/MethaneScan/methane_scan_ui_ws/build/methane_scan/build
[0.628s] creating /home/aromsan/MethaneScan/methane_scan_ui_ws/build/methane_scan/build/lib
[0.628s] creating /home/aromsan/MethaneScan/methane_scan_ui_ws/build/methane_scan/build/lib/methane_scan
[0.628s] copying methane_scan/__init__.py -> /home/aromsan/MethaneScan/methane_scan_ui_ws/build/methane_scan/build/lib/methane_scan
[0.629s] copying methane_scan/qresources_rc.py -> /home/aromsan/MethaneScan/methane_scan_ui_ws/build/methane_scan/build/lib/methane_scan
[0.629s] copying methane_scan/methane_scan_node.py -> /home/aromsan/MethaneScan/methane_scan_ui_ws/build/methane_scan/build/lib/methane_scan
[0.629s] creating /home/aromsan/MethaneScan/methane_scan_ui_ws/build/methane_scan/build/lib/methane_scan/views
[0.629s] copying methane_scan/views/__init__.py -> /home/aromsan/MethaneScan/methane_scan_ui_ws/build/methane_scan/build/lib/methane_scan/views
[0.629s] copying methane_scan/views/main_window.py -> /home/aromsan/MethaneScan/methane_scan_ui_ws/build/methane_scan/build/lib/methane_scan/views
[0.629s] creating /home/aromsan/MethaneScan/methane_scan_ui_ws/build/methane_scan/build/lib/methane_scan/controllers
[0.629s] copying methane_scan/controllers/__init__.py -> /home/aromsan/MethaneScan/methane_scan_ui_ws/build/methane_scan/build/lib/methane_scan/controllers
[0.629s] copying methane_scan/controllers/main_controller.py -> /home/aromsan/MethaneScan/methane_scan_ui_ws/build/methane_scan/build/lib/methane_scan/controllers
[0.630s] creating /home/aromsan/MethaneScan/methane_scan_ui_ws/build/methane_scan/build/lib/methane_scan/views/components
[0.630s] copying methane_scan/views/components/__init__.py -> /home/aromsan/MethaneScan/methane_scan_ui_ws/build/methane_scan/build/lib/methane_scan/views/components
[0.630s] copying methane_scan/views/components/map_view.py -> /home/aromsan/MethaneScan/methane_scan_ui_ws/build/methane_scan/build/lib/methane_scan/views/components
[0.630s] copying methane_scan/views/components/title_bar.py -> /home/aromsan/MethaneScan/methane_scan_ui_ws/build/methane_scan/build/lib/methane_scan/views/components
[0.630s] creating /home/aromsan/MethaneScan/methane_scan_ui_ws/build/methane_scan/build/lib/methane_scan/views/pages
[0.630s] copying methane_scan/views/pages/__init__.py -> /home/aromsan/MethaneScan/methane_scan_ui_ws/build/methane_scan/build/lib/methane_scan/views/pages
[0.630s] copying methane_scan/views/pages/home_page.py -> /home/aromsan/MethaneScan/methane_scan_ui_ws/build/methane_scan/build/lib/methane_scan/views/pages
[0.630s] copying methane_scan/views/pages/ptu_config.py -> /home/aromsan/MethaneScan/methane_scan_ui_ws/build/methane_scan/build/lib/methane_scan/views/pages
[0.631s] copying methane_scan/.env -> /home/aromsan/MethaneScan/methane_scan_ui_ws/build/methane_scan/build/lib/methane_scan
[0.631s] creating /home/aromsan/MethaneScan/methane_scan_ui_ws/build/methane_scan/build/lib/methane_scan/resources
[0.631s] copying methane_scan/resources/boxes.svg -> /home/aromsan/MethaneScan/methane_scan_ui_ws/build/methane_scan/build/lib/methane_scan/resources
[0.631s] copying methane_scan/resources/cloud-haze2.svg -> /home/aromsan/MethaneScan/methane_scan_ui_ws/build/methane_scan/build/lib/methane_scan/resources
[0.631s] copying methane_scan/resources/crosshair.svg -> /home/aromsan/MethaneScan/methane_scan_ui_ws/build/methane_scan/build/lib/methane_scan/resources
[0.631s] copying methane_scan/resources/ev-front.svg -> /home/aromsan/MethaneScan/methane_scan_ui_ws/build/methane_scan/build/lib/methane_scan/resources
[0.631s] copying methane_scan/resources/eye.svg -> /home/aromsan/MethaneScan/methane_scan_ui_ws/build/methane_scan/build/lib/methane_scan/resources
[0.631s] copying methane_scan/views/dark_style.qss -> /home/aromsan/MethaneScan/methane_scan_ui_ws/build/methane_scan/build/lib/methane_scan/views
[0.631s] copying methane_scan/views/light_style.qss -> /home/aromsan/MethaneScan/methane_scan_ui_ws/build/methane_scan/build/lib/methane_scan/views
[0.632s] running install
[0.632s] running install_lib
[0.633s] creating /home/aromsan/MethaneScan/methane_scan_ui_ws/install/methane_scan/lib/python3.10/site-packages/methane_scan
[0.633s] creating /home/aromsan/MethaneScan/methane_scan_ui_ws/install/methane_scan/lib/python3.10/site-packages/methane_scan/views
[0.633s] creating /home/aromsan/MethaneScan/methane_scan_ui_ws/install/methane_scan/lib/python3.10/site-packages/methane_scan/views/components
[0.633s] copying /home/aromsan/MethaneScan/methane_scan_ui_ws/build/methane_scan/build/lib/methane_scan/views/components/__init__.py -> /home/aromsan/MethaneScan/methane_scan_ui_ws/install/methane_scan/lib/python3.10/site-packages/methane_scan/views/components
[0.633s] copying /home/aromsan/MethaneScan/methane_scan_ui_ws/build/methane_scan/build/lib/methane_scan/views/components/map_view.py -> /home/aromsan/MethaneScan/methane_scan_ui_ws/install/methane_scan/lib/python3.10/site-packages/methane_scan/views/components
[0.633s] copying /home/aromsan/MethaneScan/methane_scan_ui_ws/build/methane_scan/build/lib/methane_scan/views/components/title_bar.py -> /home/aromsan/MethaneScan/methane_scan_ui_ws/install/methane_scan/lib/python3.10/site-packages/methane_scan/views/components
[0.633s] creating /home/aromsan/MethaneScan/methane_scan_ui_ws/install/methane_scan/lib/python3.10/site-packages/methane_scan/views/pages
[0.633s] copying /home/aromsan/MethaneScan/methane_scan_ui_ws/build/methane_scan/build/lib/methane_scan/views/pages/__init__.py -> /home/aromsan/MethaneScan/methane_scan_ui_ws/install/methane_scan/lib/python3.10/site-packages/methane_scan/views/pages
[0.633s] copying /home/aromsan/MethaneScan/methane_scan_ui_ws/build/methane_scan/build/lib/methane_scan/views/pages/home_page.py -> /home/aromsan/MethaneScan/methane_scan_ui_ws/install/methane_scan/lib/python3.10/site-packages/methane_scan/views/pages
[0.633s] copying /home/aromsan/MethaneScan/methane_scan_ui_ws/build/methane_scan/build/lib/methane_scan/views/pages/ptu_config.py -> /home/aromsan/MethaneScan/methane_scan_ui_ws/install/methane_scan/lib/python3.10/site-packages/methane_scan/views/pages
[0.633s] copying /home/aromsan/MethaneScan/methane_scan_ui_ws/build/methane_scan/build/lib/methane_scan/views/__init__.py -> /home/aromsan/MethaneScan/methane_scan_ui_ws/install/methane_scan/lib/python3.10/site-packages/methane_scan/views
[0.633s] copying /home/aromsan/MethaneScan/methane_scan_ui_ws/build/methane_scan/build/lib/methane_scan/views/dark_style.qss -> /home/aromsan/MethaneScan/methane_scan_ui_ws/install/methane_scan/lib/python3.10/site-packages/methane_scan/views
[0.634s] copying /home/aromsan/MethaneScan/methane_scan_ui_ws/build/methane_scan/build/lib/methane_scan/views/main_window.py -> /home/aromsan/MethaneScan/methane_scan_ui_ws/install/methane_scan/lib/python3.10/site-packages/methane_scan/views
[0.634s] copying /home/aromsan/MethaneScan/methane_scan_ui_ws/build/methane_scan/build/lib/methane_scan/views/light_style.qss -> /home/aromsan/MethaneScan/methane_scan_ui_ws/install/methane_scan/lib/python3.10/site-packages/methane_scan/views
[0.634s] copying /home/aromsan/MethaneScan/methane_scan_ui_ws/build/methane_scan/build/lib/methane_scan/__init__.py -> /home/aromsan/MethaneScan/methane_scan_ui_ws/install/methane_scan/lib/python3.10/site-packages/methane_scan
[0.634s] copying /home/aromsan/MethaneScan/methane_scan_ui_ws/build/methane_scan/build/lib/methane_scan/qresources_rc.py -> /home/aromsan/MethaneScan/methane_scan_ui_ws/install/methane_scan/lib/python3.10/site-packages/methane_scan
[0.634s] creating /home/aromsan/MethaneScan/methane_scan_ui_ws/install/methane_scan/lib/python3.10/site-packages/methane_scan/controllers
[0.634s] copying /home/aromsan/MethaneScan/methane_scan_ui_ws/build/methane_scan/build/lib/methane_scan/controllers/__init__.py -> /home/aromsan/MethaneScan/methane_scan_ui_ws/install/methane_scan/lib/python3.10/site-packages/methane_scan/controllers
[0.634s] copying /home/aromsan/MethaneScan/methane_scan_ui_ws/build/methane_scan/build/lib/methane_scan/controllers/main_controller.py -> /home/aromsan/MethaneScan/methane_scan_ui_ws/install/methane_scan/lib/python3.10/site-packages/methane_scan/controllers
[0.634s] copying /home/aromsan/MethaneScan/methane_scan_ui_ws/build/methane_scan/build/lib/methane_scan/.env -> /home/aromsan/MethaneScan/methane_scan_ui_ws/install/methane_scan/lib/python3.10/site-packages/methane_scan
[0.634s] creating /home/aromsan/MethaneScan/methane_scan_ui_ws/install/methane_scan/lib/python3.10/site-packages/methane_scan/resources
[0.634s] copying /home/aromsan/MethaneScan/methane_scan_ui_ws/build/methane_scan/build/lib/methane_scan/resources/boxes.svg -> /home/aromsan/MethaneScan/methane_scan_ui_ws/install/methane_scan/lib/python3.10/site-packages/methane_scan/resources
[0.634s] copying /home/aromsan/MethaneScan/methane_scan_ui_ws/build/methane_scan/build/lib/methane_scan/resources/ev-front.svg -> /home/aromsan/MethaneScan/methane_scan_ui_ws/install/methane_scan/lib/python3.10/site-packages/methane_scan/resources
[0.634s] copying /home/aromsan/MethaneScan/methane_scan_ui_ws/build/methane_scan/build/lib/methane_scan/resources/cloud-haze2.svg -> /home/aromsan/MethaneScan/methane_scan_ui_ws/install/methane_scan/lib/python3.10/site-packages/methane_scan/resources
[0.634s] copying /home/aromsan/MethaneScan/methane_scan_ui_ws/build/methane_scan/build/lib/methane_scan/resources/eye.svg -> /home/aromsan/MethaneScan/methane_scan_ui_ws/install/methane_scan/lib/python3.10/site-packages/methane_scan/resources
[0.634s] copying /home/aromsan/MethaneScan/methane_scan_ui_ws/build/methane_scan/build/lib/methane_scan/resources/crosshair.svg -> /home/aromsan/MethaneScan/methane_scan_ui_ws/install/methane_scan/lib/python3.10/site-packages/methane_scan/resources
[0.634s] copying /home/aromsan/MethaneScan/methane_scan_ui_ws/build/methane_scan/build/lib/methane_scan/methane_scan_node.py -> /home/aromsan/MethaneScan/methane_scan_ui_ws/install/methane_scan/lib/python3.10/site-packages/methane_scan
[0.635s] byte-compiling /home/aromsan/MethaneScan/methane_scan_ui_ws/install/methane_scan/lib/python3.10/site-packages/methane_scan/views/components/__init__.py to __init__.cpython-310.pyc
[0.635s] byte-compiling /home/aromsan/MethaneScan/methane_scan_ui_ws/install/methane_scan/lib/python3.10/site-packages/methane_scan/views/components/map_view.py to map_view.cpython-310.pyc
[0.636s] byte-compiling /home/aromsan/MethaneScan/methane_scan_ui_ws/install/methane_scan/lib/python3.10/site-packages/methane_scan/views/components/title_bar.py to title_bar.cpython-310.pyc
[0.636s] byte-compiling /home/aromsan/MethaneScan/methane_scan_ui_ws/install/methane_scan/lib/python3.10/site-packages/methane_scan/views/pages/__init__.py to __init__.cpython-310.pyc
[0.636s] byte-compiling /home/aromsan/MethaneScan/methane_scan_ui_ws/install/methane_scan/lib/python3.10/site-packages/methane_scan/views/pages/home_page.py to home_page.cpython-310.pyc
[0.637s] byte-compiling /home/aromsan/MethaneScan/methane_scan_ui_ws/install/methane_scan/lib/python3.10/site-packages/methane_scan/views/pages/ptu_config.py to ptu_config.cpython-310.pyc
[0.638s] byte-compiling /home/aromsan/MethaneScan/methane_scan_ui_ws/install/methane_scan/lib/python3.10/site-packages/methane_scan/views/__init__.py to __init__.cpython-310.pyc
[0.638s] byte-compiling /home/aromsan/MethaneScan/methane_scan_ui_ws/install/methane_scan/lib/python3.10/site-packages/methane_scan/views/main_window.py to main_window.cpython-310.pyc
[0.639s] byte-compiling /home/aromsan/MethaneScan/methane_scan_ui_ws/install/methane_scan/lib/python3.10/site-packages/methane_scan/__init__.py to __init__.cpython-310.pyc
[0.639s] byte-compiling /home/aromsan/MethaneScan/methane_scan_ui_ws/install/methane_scan/lib/python3.10/site-packages/methane_scan/qresources_rc.py to qresources_rc.cpython-310.pyc
[0.639s] byte-compiling /home/aromsan/MethaneScan/methane_scan_ui_ws/install/methane_scan/lib/python3.10/site-packages/methane_scan/controllers/__init__.py to __init__.cpython-310.pyc
[0.639s] byte-compiling /home/aromsan/MethaneScan/methane_scan_ui_ws/install/methane_scan/lib/python3.10/site-packages/methane_scan/controllers/main_controller.py to main_controller.cpython-310.pyc
[0.640s] byte-compiling /home/aromsan/MethaneScan/methane_scan_ui_ws/install/methane_scan/lib/python3.10/site-packages/methane_scan/methane_scan_node.py to methane_scan_node.cpython-310.pyc
[0.640s] running install_data
[0.640s] creating /home/aromsan/MethaneScan/methane_scan_ui_ws/install/methane_scan/share/ament_index
[0.640s] creating /home/aromsan/MethaneScan/methane_scan_ui_ws/install/methane_scan/share/ament_index/resource_index
[0.640s] creating /home/aromsan/MethaneScan/methane_scan_ui_ws/install/methane_scan/share/ament_index/resource_index/packages
[0.640s] copying resource/methane_scan -> /home/aromsan/MethaneScan/methane_scan_ui_ws/install/methane_scan/share/ament_index/resource_index/packages
[0.640s] copying package.xml -> /home/aromsan/MethaneScan/methane_scan_ui_ws/install/methane_scan/share/methane_scan
[0.640s] creating /home/aromsan/MethaneScan/methane_scan_ui_ws/install/methane_scan/share/methane_scan/launch
[0.640s] copying launch/launch.py -> /home/aromsan/MethaneScan/methane_scan_ui_ws/install/methane_scan/share/methane_scan/launch
[0.640s] running install_egg_info
[0.642s] Copying ../../build/methane_scan/methane_scan.egg-info to /home/aromsan/MethaneScan/methane_scan_ui_ws/install/methane_scan/lib/python3.10/site-packages/methane_scan-0.0.0-py3.10.egg-info
[0.643s] running install_scripts
[0.657s] Installing methane_scan_node script to /home/aromsan/MethaneScan/methane_scan_ui_ws/install/methane_scan/lib/methane_scan
[0.658s] writing list of installed files to '/home/aromsan/MethaneScan/methane_scan_ui_ws/build/methane_scan/install.log'
[0.674s] Invoked command in '/home/aromsan/MethaneScan/methane_scan_ui_ws/src/methane_scan' returned '0': PYTHONPATH=/home/aromsan/MethaneScan/methane_scan_ui_ws/build/methane_scan/prefix_override:/home/aromsan/.local/lib/python3.10/site-packages/colcon_core/task/python/colcon_distutils_commands:/home/aromsan/MethaneScan/methane_scan_ui_ws/install/methane_scan/lib/python3.10/site-packages:${PYTHONPATH} /usr/bin/python3 -W ignore:setup.py install is deprecated -W ignore:easy_install command is deprecated setup.py egg_info --egg-base ../../build/methane_scan build --build-base /home/aromsan/MethaneScan/methane_scan_ui_ws/build/methane_scan/build install --record /home/aromsan/MethaneScan/methane_scan_ui_ws/build/methane_scan/install.log --single-version-externally-managed install_data
