[0.448s] Invoking command in '/home/aromsan/Documents/GitHub/MethaneScan/methane_scan_ui_ws/src/methane_scan': PYTHONPATH=/home/aromsan/Documents/GitHub/MethaneScan/methane_scan_ui_ws/build/methane_scan/prefix_override:/home/aromsan/.local/lib/python3.10/site-packages/colcon_core/task/python/colcon_distutils_commands:/home/aromsan/Documents/GitHub/MethaneScan/methane_scan_ui_ws/install/methane_scan/lib/python3.10/site-packages:${PYTHONPATH} /usr/bin/python3 -W ignore:setup.py install is deprecated -W ignore:easy_install command is deprecated setup.py egg_info --egg-base ../../build/methane_scan build --build-base /home/aromsan/Documents/GitHub/MethaneScan/methane_scan_ui_ws/build/methane_scan/build install --record /home/aromsan/Documents/GitHub/MethaneScan/methane_scan_ui_ws/build/methane_scan/install.log --single-version-externally-managed install_data
[0.625s] running egg_info
[0.626s] writing ../../build/methane_scan/methane_scan.egg-info/PKG-INFO
[0.626s] writing dependency_links to ../../build/methane_scan/methane_scan.egg-info/dependency_links.txt
[0.627s] writing entry points to ../../build/methane_scan/methane_scan.egg-info/entry_points.txt
[0.627s] writing requirements to ../../build/methane_scan/methane_scan.egg-info/requires.txt
[0.627s] writing top-level names to ../../build/methane_scan/methane_scan.egg-info/top_level.txt
[0.631s] reading manifest file '../../build/methane_scan/methane_scan.egg-info/SOURCES.txt'
[0.632s] writing manifest file '../../build/methane_scan/methane_scan.egg-info/SOURCES.txt'
[0.632s] running build
[0.632s] running build_py
[0.632s] copying methane_scan/controllers/main_controller.py -> /home/aromsan/Documents/GitHub/MethaneScan/methane_scan_ui_ws/build/methane_scan/build/lib/methane_scan/controllers
[0.633s] copying methane_scan/views/components/device_card.py -> /home/aromsan/Documents/GitHub/MethaneScan/methane_scan_ui_ws/build/methane_scan/build/lib/methane_scan/views/components
[0.633s] copying methane_scan/views/pages/home_page.py -> /home/aromsan/Documents/GitHub/MethaneScan/methane_scan_ui_ws/build/methane_scan/build/lib/methane_scan/views/pages
[0.635s] running install
[0.636s] running install_lib
[0.637s] copying /home/aromsan/Documents/GitHub/MethaneScan/methane_scan_ui_ws/build/methane_scan/build/lib/methane_scan/views/components/device_card.py -> /home/aromsan/Documents/GitHub/MethaneScan/methane_scan_ui_ws/install/methane_scan/lib/python3.10/site-packages/methane_scan/views/components
[0.637s] copying /home/aromsan/Documents/GitHub/MethaneScan/methane_scan_ui_ws/build/methane_scan/build/lib/methane_scan/views/pages/home_page.py -> /home/aromsan/Documents/GitHub/MethaneScan/methane_scan_ui_ws/install/methane_scan/lib/python3.10/site-packages/methane_scan/views/pages
[0.638s] copying /home/aromsan/Documents/GitHub/MethaneScan/methane_scan_ui_ws/build/methane_scan/build/lib/methane_scan/controllers/main_controller.py -> /home/aromsan/Documents/GitHub/MethaneScan/methane_scan_ui_ws/install/methane_scan/lib/python3.10/site-packages/methane_scan/controllers
[0.638s] byte-compiling /home/aromsan/Documents/GitHub/MethaneScan/methane_scan_ui_ws/install/methane_scan/lib/python3.10/site-packages/methane_scan/views/components/device_card.py to device_card.cpython-310.pyc
[0.639s] byte-compiling /home/aromsan/Documents/GitHub/MethaneScan/methane_scan_ui_ws/install/methane_scan/lib/python3.10/site-packages/methane_scan/views/pages/home_page.py to home_page.cpython-310.pyc
[0.641s] byte-compiling /home/aromsan/Documents/GitHub/MethaneScan/methane_scan_ui_ws/install/methane_scan/lib/python3.10/site-packages/methane_scan/controllers/main_controller.py to main_controller.cpython-310.pyc
[0.642s] running install_data
[0.642s] running install_egg_info
[0.645s] removing '/home/aromsan/Documents/GitHub/MethaneScan/methane_scan_ui_ws/install/methane_scan/lib/python3.10/site-packages/methane_scan-0.0.0-py3.10.egg-info' (and everything under it)
[0.645s] Copying ../../build/methane_scan/methane_scan.egg-info to /home/aromsan/Documents/GitHub/MethaneScan/methane_scan_ui_ws/install/methane_scan/lib/python3.10/site-packages/methane_scan-0.0.0-py3.10.egg-info
[0.646s] running install_scripts
[0.663s] Installing methane_scan_node script to /home/aromsan/Documents/GitHub/MethaneScan/methane_scan_ui_ws/install/methane_scan/lib/methane_scan
[0.663s] Installing ptu_ready_publisher script to /home/aromsan/Documents/GitHub/MethaneScan/methane_scan_ui_ws/install/methane_scan/lib/methane_scan
[0.664s] writing list of installed files to '/home/aromsan/Documents/GitHub/MethaneScan/methane_scan_ui_ws/build/methane_scan/install.log'
[0.680s] Invoked command in '/home/aromsan/Documents/GitHub/MethaneScan/methane_scan_ui_ws/src/methane_scan' returned '0': PYTHONPATH=/home/aromsan/Documents/GitHub/MethaneScan/methane_scan_ui_ws/build/methane_scan/prefix_override:/home/aromsan/.local/lib/python3.10/site-packages/colcon_core/task/python/colcon_distutils_commands:/home/aromsan/Documents/GitHub/MethaneScan/methane_scan_ui_ws/install/methane_scan/lib/python3.10/site-packages:${PYTHONPATH} /usr/bin/python3 -W ignore:setup.py install is deprecated -W ignore:easy_install command is deprecated setup.py egg_info --egg-base ../../build/methane_scan build --build-base /home/aromsan/Documents/GitHub/MethaneScan/methane_scan_ui_ws/build/methane_scan/build install --record /home/aromsan/Documents/GitHub/MethaneScan/methane_scan_ui_ws/build/methane_scan/install.log --single-version-externally-managed install_data
