[0.440s] Invoking command in '/home/aromsan/Documents/GitHub/MethaneScan/methane_scan_ui_ws/src/methane_scan': PYTHONPATH=/home/aromsan/Documents/GitHub/MethaneScan/methane_scan_ui_ws/build/methane_scan/prefix_override:/home/aromsan/.local/lib/python3.10/site-packages/colcon_core/task/python/colcon_distutils_commands:/home/aromsan/Documents/GitHub/MethaneScan/methane_scan_ui_ws/install/methane_scan/lib/python3.10/site-packages:${PYTHONPATH} /usr/bin/python3 -W ignore:setup.py install is deprecated -W ignore:easy_install command is deprecated setup.py egg_info --egg-base ../../build/methane_scan build --build-base /home/aromsan/Documents/GitHub/MethaneScan/methane_scan_ui_ws/build/methane_scan/build install --record /home/aromsan/Documents/GitHub/MethaneScan/methane_scan_ui_ws/build/methane_scan/install.log --single-version-externally-managed install_data
[0.613s] running egg_info
[0.614s] writing ../../build/methane_scan/methane_scan.egg-info/PKG-INFO
[0.614s] writing dependency_links to ../../build/methane_scan/methane_scan.egg-info/dependency_links.txt
[0.615s] writing entry points to ../../build/methane_scan/methane_scan.egg-info/entry_points.txt
[0.615s] writing requirements to ../../build/methane_scan/methane_scan.egg-info/requires.txt
[0.615s] writing top-level names to ../../build/methane_scan/methane_scan.egg-info/top_level.txt
[0.617s] reading manifest file '../../build/methane_scan/methane_scan.egg-info/SOURCES.txt'
[0.618s] writing manifest file '../../build/methane_scan/methane_scan.egg-info/SOURCES.txt'
[0.619s] running build
[0.619s] running build_py
[0.619s] copying methane_scan/views/components/__init__.py -> /home/aromsan/Documents/GitHub/MethaneScan/methane_scan_ui_ws/build/methane_scan/build/lib/methane_scan/views/components
[0.619s] copying methane_scan/views/components/device_card.py -> /home/aromsan/Documents/GitHub/MethaneScan/methane_scan_ui_ws/build/methane_scan/build/lib/methane_scan/views/components
[0.621s] running install
[0.621s] running install_lib
[0.622s] copying /home/aromsan/Documents/GitHub/MethaneScan/methane_scan_ui_ws/build/methane_scan/build/lib/methane_scan/views/components/__init__.py -> /home/aromsan/Documents/GitHub/MethaneScan/methane_scan_ui_ws/install/methane_scan/lib/python3.10/site-packages/methane_scan/views/components
[0.622s] copying /home/aromsan/Documents/GitHub/MethaneScan/methane_scan_ui_ws/build/methane_scan/build/lib/methane_scan/views/components/device_card.py -> /home/aromsan/Documents/GitHub/MethaneScan/methane_scan_ui_ws/install/methane_scan/lib/python3.10/site-packages/methane_scan/views/components
[0.623s] byte-compiling /home/aromsan/Documents/GitHub/MethaneScan/methane_scan_ui_ws/install/methane_scan/lib/python3.10/site-packages/methane_scan/views/components/__init__.py to __init__.cpython-310.pyc
[0.624s] byte-compiling /home/aromsan/Documents/GitHub/MethaneScan/methane_scan_ui_ws/install/methane_scan/lib/python3.10/site-packages/methane_scan/views/components/device_card.py to device_card.cpython-310.pyc
[0.624s] running install_data
[0.624s] running install_egg_info
[0.626s] removing '/home/aromsan/Documents/GitHub/MethaneScan/methane_scan_ui_ws/install/methane_scan/lib/python3.10/site-packages/methane_scan-0.0.0-py3.10.egg-info' (and everything under it)
[0.627s] Copying ../../build/methane_scan/methane_scan.egg-info to /home/aromsan/Documents/GitHub/MethaneScan/methane_scan_ui_ws/install/methane_scan/lib/python3.10/site-packages/methane_scan-0.0.0-py3.10.egg-info
[0.627s] running install_scripts
[0.642s] Installing methane_scan_node script to /home/aromsan/Documents/GitHub/MethaneScan/methane_scan_ui_ws/install/methane_scan/lib/methane_scan
[0.642s] writing list of installed files to '/home/aromsan/Documents/GitHub/MethaneScan/methane_scan_ui_ws/build/methane_scan/install.log'
[0.658s] Invoked command in '/home/aromsan/Documents/GitHub/MethaneScan/methane_scan_ui_ws/src/methane_scan' returned '0': PYTHONPATH=/home/aromsan/Documents/GitHub/MethaneScan/methane_scan_ui_ws/build/methane_scan/prefix_override:/home/aromsan/.local/lib/python3.10/site-packages/colcon_core/task/python/colcon_distutils_commands:/home/aromsan/Documents/GitHub/MethaneScan/methane_scan_ui_ws/install/methane_scan/lib/python3.10/site-packages:${PYTHONPATH} /usr/bin/python3 -W ignore:setup.py install is deprecated -W ignore:easy_install command is deprecated setup.py egg_info --egg-base ../../build/methane_scan build --build-base /home/aromsan/Documents/GitHub/MethaneScan/methane_scan_ui_ws/build/methane_scan/build install --record /home/aromsan/Documents/GitHub/MethaneScan/methane_scan_ui_ws/build/methane_scan/install.log --single-version-externally-managed install_data
